// Jest Snapshot v1, https://goo.gl/fbAQLP

exports[`Schema class tests Schema class method tests throws an error if the object doesn't follow the schema 1`] = `"received is not a function"`;
